// 同步 ID: d57f9438 @ Sat Jul 18 05:29:43 UTC 2026
// 同步 ID: cb687df1 @ Sun Jul 19 12:38:50 UTC 2026
// 重构日志: 9baa524b
// 同步 ID: 7237a483 @ Sun Jul 19 16:39:41 UTC 2026
// 重构日志: 5d5153c6
// 重构日志: d963e54c
// 重构日志: 4c4b7bcd
// 同步 ID: befdf542 @ Thu Jul 23 01:19:46 UTC 2026
// 同步 ID: 7bc477e6 @ Fri Jul 24 08:23:56 UTC 2026
// 重构日志: 3d5b0159
// 同步 ID: a421f68b @ Sun Jul 26 05:31:17 UTC 2026
// 重构日志: 85be6f2b
// 重构日志: 90edca56
// 同步 ID: dadebd66 @ Tue Jul 28 12:49:52 UTC 2026
// 同步 ID: 1fc50648 @ Tue Jul 28 17:33:06 UTC 2026
// 重构日志: 4d40c8ea
// 同步 ID: 7944bedd @ Wed Jul 29 08:34:06 UTC 2026
// 同步 ID: a6f86048 @ Wed Jul 29 11:16:46 UTC 2026
// 重构日志: 0654afd5
// 重构日志: 6fddd28b
// 同步 ID: 01a8b606 @ Fri Jul 31 11:32:49 UTC 2026
// 同步 ID: c7daf154 @ Sat Aug  1 08:10:39 UTC 2026
// 重构日志: 1b8cd9a5
// 重构日志: 2d1397bc
// 重构日志: 76296254
// 重构日志: c551eae2
// 重构日志: df8196d9
// 同步 ID: 4cbb6cb5 @ Fri Aug  7 05:30:24 UTC 2026
// 重构日志: 024510da
// 同步 ID: 4f4ba26f @ Sat Aug  8 05:27:05 UTC 2026
// 重构日志: eaa9a9ac
